Archive member included to satisfy reference by file (symbol)

c:/st/stm32cubeide_1.10.1/stm32cubeide/plugins/com.st.stm32cube.ide.mcu.externaltools.gnu-tools-for-stm32.10.3-2021.10.win32_1.0.0.202111181127/tools/bin/../lib/gcc/arm-none-eabi/10.3.1/../../../../arm-none-eabi/lib/thumb/v7e-m+fp/hard\libc_nano.a(lib_a-errno.o)
                              ./Core/Src/syscalls.o (__errno)
c:/st/stm32cubeide_1.10.1/stm32cubeide/plugins/com.st.stm32cube.ide.mcu.externaltools.gnu-tools-for-stm32.10.3-2021.10.win32_1.0.0.202111181127/tools/bin/../lib/gcc/arm-none-eabi/10.3.1/../../../../arm-none-eabi/lib/thumb/v7e-m+fp/hard\libc_nano.a(lib_a-exit.o)
                              c:/st/stm32cubeide_1.10.1/stm32cubeide/plugins/com.st.stm32cube.ide.mcu.externaltools.gnu-tools-for-stm32.10.3-2021.10.win32_1.0.0.202111181127/tools/bin/../lib/gcc/arm-none-eabi/10.3.1/../../../../arm-none-eabi/lib/thumb/v7e-m+fp/hard/crt0.o (exit)
c:/st/stm32cubeide_1.10.1/stm32cubeide/plugins/com.st.stm32cube.ide.mcu.externaltools.gnu-tools-for-stm32.10.3-2021.10.win32_1.0.0.202111181127/tools/bin/../lib/gcc/arm-none-eabi/10.3.1/../../../../arm-none-eabi/lib/thumb/v7e-m+fp/hard\libc_nano.a(lib_a-impure.o)
                              c:/st/stm32cubeide_1.10.1/stm32cubeide/plugins/com.st.stm32cube.ide.mcu.externaltools.gnu-tools-for-stm32.10.3-2021.10.win32_1.0.0.202111181127/tools/bin/../lib/gcc/arm-none-eabi/10.3.1/../../../../arm-none-eabi/lib/thumb/v7e-m+fp/hard\libc_nano.a(lib_a-exit.o) (_global_impure_ptr)
c:/st/stm32cubeide_1.10.1/stm32cubeide/plugins/com.st.stm32cube.ide.mcu.externaltools.gnu-tools-for-stm32.10.3-2021.10.win32_1.0.0.202111181127/tools/bin/../lib/gcc/arm-none-eabi/10.3.1/../../../../arm-none-eabi/lib/thumb/v7e-m+fp/hard\libc_nano.a(lib_a-init.o)
                              c:/st/stm32cubeide_1.10.1/stm32cubeide/plugins/com.st.stm32cube.ide.mcu.externaltools.gnu-tools-for-stm32.10.3-2021.10.win32_1.0.0.202111181127/tools/bin/../lib/gcc/arm-none-eabi/10.3.1/../../../../arm-none-eabi/lib/thumb/v7e-m+fp/hard/crt0.o (__libc_init_array)
c:/st/stm32cubeide_1.10.1/stm32cubeide/plugins/com.st.stm32cube.ide.mcu.externaltools.gnu-tools-for-stm32.10.3-2021.10.win32_1.0.0.202111181127/tools/bin/../lib/gcc/arm-none-eabi/10.3.1/../../../../arm-none-eabi/lib/thumb/v7e-m+fp/hard\libc_nano.a(lib_a-memset.o)
                              c:/st/stm32cubeide_1.10.1/stm32cubeide/plugins/com.st.stm32cube.ide.mcu.externaltools.gnu-tools-for-stm32.10.3-2021.10.win32_1.0.0.202111181127/tools/bin/../lib/gcc/arm-none-eabi/10.3.1/../../../../arm-none-eabi/lib/thumb/v7e-m+fp/hard/crt0.o (memset)
c:/st/stm32cubeide_1.10.1/stm32cubeide/plugins/com.st.stm32cube.ide.mcu.externaltools.gnu-tools-for-stm32.10.3-2021.10.win32_1.0.0.202111181127/tools/bin/../lib/gcc/arm-none-eabi/10.3.1/thumb/v7e-m+fp/hard\libgcc.a(_aeabi_uldivmod.o)
                              ./Drivers/STM32F4xx_HAL_Driver/Src/stm32f4xx_hal_rcc.o (__aeabi_uldivmod)
c:/st/stm32cubeide_1.10.1/stm32cubeide/plugins/com.st.stm32cube.ide.mcu.externaltools.gnu-tools-for-stm32.10.3-2021.10.win32_1.0.0.202111181127/tools/bin/../lib/gcc/arm-none-eabi/10.3.1/thumb/v7e-m+fp/hard\libgcc.a(_udivmoddi4.o)
                              c:/st/stm32cubeide_1.10.1/stm32cubeide/plugins/com.st.stm32cube.ide.mcu.externaltools.gnu-tools-for-stm32.10.3-2021.10.win32_1.0.0.202111181127/tools/bin/../lib/gcc/arm-none-eabi/10.3.1/thumb/v7e-m+fp/hard\libgcc.a(_aeabi_uldivmod.o) (__udivmoddi4)
c:/st/stm32cubeide_1.10.1/stm32cubeide/plugins/com.st.stm32cube.ide.mcu.externaltools.gnu-tools-for-stm32.10.3-2021.10.win32_1.0.0.202111181127/tools/bin/../lib/gcc/arm-none-eabi/10.3.1/thumb/v7e-m+fp/hard\libgcc.a(_dvmd_tls.o)
                              c:/st/stm32cubeide_1.10.1/stm32cubeide/plugins/com.st.stm32cube.ide.mcu.externaltools.gnu-tools-for-stm32.10.3-2021.10.win32_1.0.0.202111181127/tools/bin/../lib/gcc/arm-none-eabi/10.3.1/thumb/v7e-m+fp/hard\libgcc.a(_aeabi_uldivmod.o) (__aeabi_ldiv0)

Discarded input sections

 .text          0x0000000000000000        0x0 c:/st/stm32cubeide_1.10.1/stm32cubeide/plugins/com.st.stm32cube.ide.mcu.externaltools.gnu-tools-for-stm32.10.3-2021.10.win32_1.0.0.202111181127/tools/bin/../lib/gcc/arm-none-eabi/10.3.1/thumb/v7e-m+fp/hard/crti.o
 .data          0x0000000000000000        0x0 c:/st/stm32cubeide_1.10.1/stm32cubeide/plugins/com.st.stm32cube.ide.mcu.externaltools.gnu-tools-for-stm32.10.3-2021.10.win32_1.0.0.202111181127/tools/bin/../lib/gcc/arm-none-eabi/10.3.1/thumb/v7e-m+fp/hard/crti.o
 .bss           0x0000000000000000        0x0 c:/st/stm32cubeide_1.10.1/stm32cubeide/plugins/com.st.stm32cube.ide.mcu.externaltools.gnu-tools-for-stm32.10.3-2021.10.win32_1.0.0.202111181127/tools/bin/../lib/gcc/arm-none-eabi/10.3.1/thumb/v7e-m+fp/hard/crti.o
[...]
Memory Configuration

Name             Origin             Length             Attributes
CCMRAM           0x0000000010000000 0x0000000000010000 xrw
RAM              0x0000000020000000 0x0000000000030000 xrw
FLASH            0x0000000008000000 0x0000000000200000 xr
*default*        0x0000000000000000 0xffffffffffffffff

Linker script and memory map

LOAD c:/st/stm32cubeide_1.10.1/stm32cubeide/plugins/com.st.stm32cube.ide.mcu.externaltools.gnu-tools-for-stm32.10.3-2021.10.win32_1.0.0.202111181127/tools/bin/../lib/gcc/arm-none-eabi/10.3.1/thumb/v7e-m+fp/hard/crti.o
LOAD c:/st/stm32cubeide_1.10.1/stm32cubeide/plugins/com.st.stm32cube.ide.mcu.externaltools.gnu-tools-for-stm32.10.3-2021.10.win32_1.0.0.202111181127/tools/bin/../lib/gcc/arm-none-eabi/10.3.1/thumb/v7e-m+fp/hard/crtbegin.o
LOAD c:/st/stm32cubeide_1.10.1/stm32cubeide/plugins/com.st.stm32cube.ide.mcu.externaltools.gnu-tools-for-stm32.10.3-2021.10.win32_1.0.0.202111181127/tools/bin/../lib/gcc/arm-none-eabi/10.3.1/../../../../arm-none-eabi/lib/thumb/v7e-m+fp/hard/crt0.o
LOAD ./Core/Src/asm_func.o
LOAD ./Core/Src/main.o
LOAD ./Core/Src/stm32f4xx_hal_msp.o
LOAD ./Core/Src/stm32f4xx_it.o
LOAD ./Core/Src/syscalls.o
LOAD ./Core/Src/sysmem.o
LOAD ./Core/Src/system_stm32f4xx.o
LOAD ./Core/Startup/startup_stm32f429zitx.o
LOAD ./Drivers/STM32F4xx_HAL_Driver/Src/stm32f4xx_hal.o
LOAD ./Drivers/STM32F4xx_HAL_Driver/Src/stm32f4xx_hal_cortex.o
LOAD ./Drivers/STM32F4xx_HAL_Driver/Src/stm32f4xx_hal_dma.o
LOAD ./Drivers/STM32F4xx_HAL_Driver/Src/stm32f4xx_hal_dma_ex.o
LOAD ./Drivers/STM32F4xx_HAL_Driver/Src/stm32f4xx_hal_eth.o
LOAD ./Drivers/STM32F4xx_HAL_Driver/Src/stm32f4xx_hal_exti.o
LOAD ./Drivers/STM32F4xx_HAL_Driver/Src/stm32f4xx_hal_flash.o
LOAD ./Drivers/STM32F4xx_HAL_Driver/Src/stm32f4xx_hal_flash_ex.o
LOAD ./Drivers/STM32F4xx_HAL_Driver/Src/stm32f4xx_hal_flash_ramfunc.o
LOAD ./Drivers/STM32F4xx_HAL_Driver/Src/stm32f4xx_hal_gpio.o
LOAD ./Drivers/STM32F4xx_HAL_Driver/Src/stm32f4xx_hal_pcd.o
LOAD ./Drivers/STM32F4xx_HAL_Driver/Src/stm32f4xx_hal_pcd_ex.o
LOAD ./Drivers/STM32F4xx_HAL_Driver/Src/stm32f4xx_hal_pwr.o
LOAD ./Drivers/STM32F4xx_HAL_Driver/Src/stm32f4xx_hal_pwr_ex.o
LOAD ./Drivers/STM32F4xx_HAL_Driver/Src/stm32f4xx_hal_rcc.o
LOAD ./Drivers/STM32F4xx_HAL_Driver/Src/stm32f4xx_hal_rcc_ex.o
LOAD ./Drivers/STM32F4xx_HAL_Driver/Src/stm32f4xx_hal_tim.o
LOAD ./Drivers/STM32F4xx_HAL_Driver/Src/stm32f4xx_hal_tim_ex.o
LOAD ./Drivers/STM32F4xx_HAL_Driver/Src/stm32f4xx_hal_uart.o
LOAD ./Drivers/STM32F4xx_HAL_Driver/Src/stm32f4xx_ll_usb.o
START GROUP
LOAD c:/st/stm32cubeide_1.10.1/stm32cubeide/plugins/com.st.stm32cube.ide.mcu.externaltools.gnu-tools-for-stm32.10.3-2021.10.win32_1.0.0.202111181127/tools/bin/../lib/gcc/arm-none-eabi/10.3.1/../../../../arm-none-eabi/lib/thumb/v7e-m+fp/hard\libc_nano.a
LOAD c:/st/stm32cubeide_1.10.1/stm32cubeide/plugins/com.st.stm32cube.ide.mcu.externaltools.gnu-tools-for-stm32.10.3-2021.10.win32_1.0.0.202111181127/tools/bin/../lib/gcc/arm-none-eabi/10.3.1/../../../../arm-none-eabi/lib/thumb/v7e-m+fp/hard\libm.a
END GROUP
START GROUP
LOAD c:/st/stm32cubeide_1.10.1/stm32cubeide/plugins/com.st.stm32cube.ide.mcu.externaltools.gnu-tools-for-stm32.10.3-2021.10.win32_1.0.0.202111181127/tools/bin/../lib/gcc/arm-none-eabi/10.3.1/thumb/v7e-m+fp/hard\libgcc.a
LOAD c:/st/stm32cubeide_1.10.1/stm32cubeide/plugins/com.st.stm32cube.ide.mcu.externaltools.gnu-tools-for-stm32.10.3-2021.10.win32_1.0.0.202111181127/tools/bin/../lib/gcc/arm-none-eabi/10.3.1/../../../../arm-none-eabi/lib/thumb/v7e-m+fp/hard\libc_nano.a
END GROUP
START GROUP
LOAD c:/st/stm32cubeide_1.10.1/stm32cubeide/plugins/com.st.stm32cube.ide.mcu.externaltools.gnu-tools-for-stm32.10.3-2021.10.win32_1.0.0.202111181127/tools/bin/../lib/gcc/arm-none-eabi/10.3.1/thumb/v7e-m+fp/hard\libgcc.a
LOAD c:/st/stm32cubeide_1.10.1/stm32cubeide/plugins/com.st.stm32cube.ide.mcu.externaltools.gnu-tools-for-stm32.10.3-2021.10.win32_1.0.0.202111181127/tools/bin/../lib/gcc/arm-none-eabi/10.3.1/../../../../arm-none-eabi/lib/thumb/v7e-m+fp/hard\libc_nano.a
LOAD c:/st/stm32cubeide_1.10.1/stm32cubeide/plugins/com.st.stm32cube.ide.mcu.externaltools.gnu-tools-for-stm32.10.3-2021.10.win32_1.0.0.202111181127/tools/bin/../lib/gcc/arm-none-eabi/10.3.1/../../../../arm-none-eabi/lib/thumb/v7e-m+fp/hard\libnosys.a
END GROUP
START GROUP
LOAD c:/st/stm32cubeide_1.10.1/stm32cubeide/plugins/com.st.stm32cube.ide.mcu.externaltools.gnu-tools-for-stm32.10.3-2021.10.win32_1.0.0.202111181127/tools/bin/../lib/gcc/arm-none-eabi/10.3.1/thumb/v7e-m+fp/hard\libgcc.a
LOAD c:/st/stm32cubeide_1.10.1/stm32cubeide/plugins/com.st.stm32cube.ide.mcu.externaltools.gnu-tools-for-stm32.10.3-2021.10.win32_1.0.0.202111181127/tools/bin/../lib/gcc/arm-none-eabi/10.3.1/../../../../arm-none-eabi/lib/thumb/v7e-m+fp/hard\libc_nano.a
LOAD c:/st/stm32cubeide_1.10.1/stm32cubeide/plugins/com.st.stm32cube.ide.mcu.externaltools.gnu-tools-for-stm32.10.3-2021.10.win32_1.0.0.202111181127/tools/bin/../lib/gcc/arm-none-eabi/10.3.1/../../../../arm-none-eabi/lib/thumb/v7e-m+fp/hard\libnosys.a
END GROUP
LOAD c:/st/stm32cubeide_1.10.1/stm32cubeide/plugins/com.st.stm32cube.ide.mcu.externaltools.gnu-tools-for-stm32.10.3-2021.10.win32_1.0.0.202111181127/tools/bin/../lib/gcc/arm-none-eabi/10.3.1/thumb/v7e-m+fp/hard/crtend.o
LOAD c:/st/stm32cubeide_1.10.1/stm32cubeide/plugins/com.st.stm32cube.ide.mcu.externaltools.gnu-tools-for-stm32.10.3-2021.10.win32_1.0.0.202111181127/tools/bin/../lib/gcc/arm-none-eabi/10.3.1/thumb/v7e-m+fp/hard/crtn.o
                0x0000000020030000                _estack = (ORIGIN (RAM) + LENGTH (RAM))
                0x0000000000000200                _Min_Heap_Size = 0x200
                0x0000000000000400                _Min_Stack_Size = 0x400

.isr_vector     0x0000000008000000      0x1ac
                0x0000000008000000                . = ALIGN (0x4)
 *(.isr_vector)
 .isr_vector    0x0000000008000000      0x1ac ./Core/Startup/startup_stm32f429zitx.o
                0x0000000008000000                g_pfnVectors
                0x00000000080001ac                . = ALIGN (0x4)

.text           0x00000000080001ac     0x2f84
                0x00000000080001ac                . = ALIGN (0x4)
 *(.text)
 .text          0x00000000080001ac       0x40 c:/st/stm32cubeide_1.10.1/stm32cubeide/plugins/com.st.stm32cube.ide.mcu.externaltools.gnu-tools-for-stm32.10.3-2021.10.win32_1.0.0.202111181127/tools/bin/../lib/gcc/arm-none-eabi/10.3.1/thumb/v7e-m+fp/hard/crtbegin.o
 .text          0x00000000080001ec        0x8 ./Core/Src/asm_func.o
                0x00000000080001ec                asm_svc
                0x00000000080001f0                asm_sum
 .text          0x00000000080001f4       0x30 c:/st/stm32cubeide_1.10.1/stm32cubeide/plugins/com.st.stm32cube.ide.mcu.externaltools.gnu-tools-for-stm32.10.3-2021.10.win32_1.0.0.202111181127/tools/bin/../lib/gcc/arm-none-eabi/10.3.1/thumb/v7e-m+fp/hard\libgcc.a(_aeabi_uldivmod.o)
                0x00000000080001f4                __aeabi_uldivmod
 .text          0x0000000008000224      0x2d0 c:/st/stm32cubeide_1.10.1/stm32cubeide/plugins/com.st.stm32cube.ide.mcu.externaltools.gnu-tools-for-stm32.10.3-2021.10.win32_1.0.0.202111181127/tools/bin/../lib/gcc/arm-none-eabi/10.3.1/thumb/v7e-m+fp/hard\libgcc.a(_udivmoddi4.o)
                0x0000000008000224                __udivmoddi4
 .text          0x00000000080004f4        0x4 c:/st/stm32cubeide_1.10.1/stm32cubeide/plugins/com.st.stm32cube.ide.mcu.externaltools.gnu-tools-for-stm32.10.3-2021.10.win32_1.0.0.202111181127/tools/bin/../lib/gcc/arm-none-eabi/10.3.1/thumb/v7e-m+fp/hard\libgcc.a(_dvmd_tls.o)
                0x00000000080004f4                __aeabi_idiv0
                0x00000000080004f4                __aeabi_ldiv0
 *(.text*)
 .text.PrivilegiosSVC
                0x00000000080004f8       0x62 ./Core/Src/main.o
 .text.main     0x000000000800055a       0x2e ./Core/Src/main.o
                0x000000000800055a                main
 .text.SystemClock_Config
                0x0000000008000588       0xd4 ./Core/Src/main.o
                0x0000000008000588                SystemClock_Config
 .text.MX_ETH_Init
                0x000000000800065c       0x9c ./Core/Src/main.o
 .text.MX_USART3_UART_Init
                0x00000000080006f8       0x54 ./Core/Src/main.o
 .text.MX_USB_OTG_FS_PCD_Init
                0x000000000800074c       0x5c ./Core/Src/main.o
 .text.MX_GPIO_Init
                0x00000000080007a8      0x15c ./Core/Src/main.o
 .text.Error_Handler
                0x0000000008000904        0xa ./Core/Src/main.o
                0x0000000008000904                Error_Handler
 *fill*         0x000000000800090e        0x2 
 .text.HAL_MspInit
                0x0000000008000910       0x50 ./Core/Src/stm32f4xx_hal_msp.o
                0x0000000008000910                HAL_MspInit
 .text.HAL_ETH_MspInit
                0x0000000008000960      0x18c ./Core/Src/stm32f4xx_hal_msp.o
                0x0000000008000960                HAL_ETH_MspInit
 .text.HAL_UART_MspInit
                0x0000000008000aec       0x90 ./Core/Src/stm32f4xx_hal_msp.o
                0x0000000008000aec                HAL_UART_MspInit
 .text.HAL_PCD_MspInit
                0x0000000008000b7c       0xb4 ./Core/Src/stm32f4xx_hal_msp.o
                0x0000000008000b7c                HAL_PCD_MspInit
 .text.NMI_Handler
                0x0000000008000c30        0x6 ./Core/Src/stm32f4xx_it.o
                0x0000000008000c30                NMI_Handler
 .text.HardFault_Handler
                0x0000000008000c36        0x6 ./Core/Src/stm32f4xx_it.o
                0x0000000008000c36                HardFault_Handler
 .text.MemManage_Handler
                0x0000000008000c3c        0x6 ./Core/Src/stm32f4xx_it.o
                0x0000000008000c3c                MemManage_Handler
 .text.BusFault_Handler
                0x0000000008000c42        0x6 ./Core/Src/stm32f4xx_it.o
                0x0000000008000c42                BusFault_Handler
 .text.UsageFault_Handler
                0x0000000008000c48        0x6 ./Core/Src/stm32f4xx_it.o
                0x0000000008000c48                UsageFault_Handler
 .text.SVC_Handler
                0x0000000008000c4e       0x30 ./Core/Src/stm32f4xx_it.o
                0x0000000008000c4e                SVC_Handler
 .text.DebugMon_Handler
                0x0000000008000c7e        0xe ./Core/Src/stm32f4xx_it.o
                0x0000000008000c7e                DebugMon_Handler
 .text.PendSV_Handler
                0x0000000008000c8c        0xe ./Core/Src/stm32f4xx_it.o
                0x0000000008000c8c                PendSV_Handler
 .text.SysTick_Handler
                0x0000000008000c9a        0xc ./Core/Src/stm32f4xx_it.o
                0x0000000008000c9a                SysTick_Handler
 *fill*         0x0000000008000ca6        0x2 
 .text.SystemInit
                0x0000000008000ca8       0x24 ./Core/Src/system_stm32f4xx.o
                0x0000000008000ca8                SystemInit
 .text.Reset_Handler
                0x0000000008000ccc       0x54 ./Core/Startup/startup_stm32f429zitx.o
                0x0000000008000ccc                Reset_Handler
 .text.Default_Handler
                0x0000000008000d20        0x2 ./Core/Startup/startup_stm32f429zitx.o
                0x0000000008000d20                RTC_Alarm_IRQHandler
                0x0000000008000d20                HASH_RNG_IRQHandler
                0x0000000008000d20                EXTI2_IRQHandler
                0x0000000008000d20                TIM8_CC_IRQHandler
                0x0000000008000d20                UART8_IRQHandler
                0x0000000008000d20                SPI4_IRQHandler
                0x0000000008000d20                TIM1_CC_IRQHandler
                0x0000000008000d20                DMA2_Stream5_IRQHandler
                0x0000000008000d20                DMA1_Stream5_IRQHandler
                0x0000000008000d20                PVD_IRQHandler
                0x0000000008000d20                SDIO_IRQHandler
                0x0000000008000d20                TAMP_STAMP_IRQHandler
                0x0000000008000d20                CAN2_RX1_IRQHandler
                0x0000000008000d20                EXTI3_IRQHandler
                0x0000000008000d20                TIM8_TRG_COM_TIM14_IRQHandler
                0x0000000008000d20                TIM1_UP_TIM10_IRQHandler
                0x0000000008000d20                TIM8_UP_TIM13_IRQHandler
                0x0000000008000d20                I2C3_ER_IRQHandler
                0x0000000008000d20                EXTI0_IRQHandler
                0x0000000008000d20                I2C2_EV_IRQHandler
                0x0000000008000d20                DMA1_Stream2_IRQHandler
                0x0000000008000d20                CAN1_RX0_IRQHandler
                0x0000000008000d20                FPU_IRQHandler
                0x0000000008000d20                OTG_HS_WKUP_IRQHandler
                0x0000000008000d20                LTDC_ER_IRQHandler
                0x0000000008000d20                CAN2_SCE_IRQHandler
                0x0000000008000d20                DMA2_Stream2_IRQHandler
                0x0000000008000d20                SPI1_IRQHandler
                0x0000000008000d20                TIM6_DAC_IRQHandler
                0x0000000008000d20                TIM1_BRK_TIM9_IRQHandler
                0x0000000008000d20                DCMI_IRQHandler
                0x0000000008000d20                CAN2_RX0_IRQHandler
                0x0000000008000d20                DMA2_Stream3_IRQHandler
                0x0000000008000d20                USART6_IRQHandler
                0x0000000008000d20                USART3_IRQHandler
                0x0000000008000d20                CAN1_RX1_IRQHandler
                0x0000000008000d20                UART5_IRQHandler
                0x0000000008000d20                DMA2_Stream0_IRQHandler
                0x0000000008000d20                TIM4_IRQHandler
                0x0000000008000d20                I2C1_EV_IRQHandler
                0x0000000008000d20                DMA1_Stream6_IRQHandler
                0x0000000008000d20                DMA1_Stream1_IRQHandler
                0x0000000008000d20                UART4_IRQHandler
                0x0000000008000d20                TIM3_IRQHandler
                0x0000000008000d20                RCC_IRQHandler
                0x0000000008000d20                TIM8_BRK_TIM12_IRQHandler
                0x0000000008000d20                Default_Handler
                0x0000000008000d20                EXTI15_10_IRQHandler
                0x0000000008000d20                ADC_IRQHandler
                0x0000000008000d20                DMA1_Stream7_IRQHandler
                0x0000000008000d20                SPI5_IRQHandler
                0x0000000008000d20                TIM7_IRQHandler
                0x0000000008000d20                CAN2_TX_IRQHandler
                0x0000000008000d20                TIM5_IRQHandler
                0x0000000008000d20                DMA2_Stream7_IRQHandler
                0x0000000008000d20                I2C3_EV_IRQHandler
                0x0000000008000d20                EXTI9_5_IRQHandler
                0x0000000008000d20                RTC_WKUP_IRQHandler
                0x0000000008000d20                LTDC_IRQHandler
                0x0000000008000d20                ETH_WKUP_IRQHandler
                0x0000000008000d20                SPI2_IRQHandler
                0x0000000008000d20                OTG_HS_EP1_IN_IRQHandler
                0x0000000008000d20                DMA1_Stream0_IRQHandler
                0x0000000008000d20                CAN1_TX_IRQHandler
                0x0000000008000d20                EXTI4_IRQHandler
                0x0000000008000d20                ETH_IRQHandler
                0x0000000008000d20                OTG_HS_EP1_OUT_IRQHandler
                0x0000000008000d20                WWDG_IRQHandler
                0x0000000008000d20                SPI6_IRQHandler
                0x0000000008000d20                TIM2_IRQHandler
                0x0000000008000d20                OTG_FS_WKUP_IRQHandler
                0x0000000008000d20                TIM1_TRG_COM_TIM11_IRQHandler
                0x0000000008000d20                OTG_HS_IRQHandler
                0x0000000008000d20                DMA2D_IRQHandler
                0x0000000008000d20                EXTI1_IRQHandler
                0x0000000008000d20                UART7_IRQHandler
                0x0000000008000d20                USART2_IRQHandler
                0x0000000008000d20                I2C2_ER_IRQHandler
                0x0000000008000d20                DMA2_Stream1_IRQHandler
                0x0000000008000d20                CAN1_SCE_IRQHandler
                0x0000000008000d20                FLASH_IRQHandler
                0x0000000008000d20                DMA2_Stream4_IRQHandler
                0x0000000008000d20                USART1_IRQHandler
                0x0000000008000d20                OTG_FS_IRQHandler
                0x0000000008000d20                SPI3_IRQHandler
                0x0000000008000d20                DMA1_Stream4_IRQHandler
                0x0000000008000d20                I2C1_ER_IRQHandler
                0x0000000008000d20                FMC_IRQHandler
                0x0000000008000d20                DMA2_Stream6_IRQHandler
                0x0000000008000d20                SAI1_IRQHandler
                0x0000000008000d20                DMA1_Stream3_IRQHandler
 *fill*         0x0000000008000d22        0x2 
 .text.HAL_Init
                0x0000000008000d24       0x44 ./Drivers/STM32F4xx_HAL_Driver/Src/stm32f4xx_hal.o
                0x0000000008000d24                HAL_Init
 .text.HAL_InitTick
                0x0000000008000d68       0x60 ./Drivers/STM32F4xx_HAL_Driver/Src/stm32f4xx_hal.o
                0x0000000008000d68                HAL_InitTick
 .text.HAL_IncTick
                0x0000000008000dc8       0x28 ./Drivers/STM32F4xx_HAL_Driver/Src/stm32f4xx_hal.o
                0x0000000008000dc8                HAL_IncTick
 .text.HAL_GetTick
                0x0000000008000df0       0x18 ./Drivers/STM32F4xx_HAL_Driver/Src/stm32f4xx_hal.o
                0x0000000008000df0                HAL_GetTick
 .text.HAL_Delay
                0x0000000008000e08       0x48 ./Drivers/STM32F4xx_HAL_Driver/Src/stm32f4xx_hal.o
                0x0000000008000e08                HAL_Delay
 .text.__NVIC_SetPriorityGrouping
                0x0000000008000e50       0x48 ./Drivers/STM32F4xx_HAL_Driver/Src/stm32f4xx_hal_cortex.o
 .text.__NVIC_GetPriorityGrouping
                0x0000000008000e98       0x1c ./Drivers/STM32F4xx_HAL_Driver/Src/stm32f4xx_hal_cortex.o
 .text.__NVIC_SetPriority
                0x0000000008000eb4       0x54 ./Drivers/STM32F4xx_HAL_Driver/Src/stm32f4xx_hal_cortex.o
 .text.NVIC_EncodePriority
                0x0000000008000f08       0x66 ./Drivers/STM32F4xx_HAL_Driver/Src/stm32f4xx_hal_cortex.o
 *fill*         0x0000000008000f6e        0x2 
 .text.SysTick_Config
                0x0000000008000f70       0x44 ./Drivers/STM32F4xx_HAL_Driver/Src/stm32f4xx_hal_cortex.o
 .text.HAL_NVIC_SetPriorityGrouping
                0x0000000008000fb4       0x16 ./Drivers/STM32F4xx_HAL_Driver/Src/stm32f4xx_hal_cortex.o
                0x0000000008000fb4                HAL_NVIC_SetPriorityGrouping
 .text.HAL_NVIC_SetPriority
                0x0000000008000fca       0x38 ./Drivers/STM32F4xx_HAL_Driver/Src/stm32f4xx_hal_cortex.o
                0x0000000008000fca                HAL_NVIC_SetPriority
 .text.HAL_SYSTICK_Config
                0x0000000008001002       0x18 ./Drivers/STM32F4xx_HAL_Driver/Src/stm32f4xx_hal_cortex.o
                0x0000000008001002                HAL_SYSTICK_Config
 *fill*         0x000000000800101a        0x2 
 .text.HAL_ETH_Init
                0x000000000800101c       0xfc ./Drivers/STM32F4xx_HAL_Driver/Src/stm32f4xx_hal_eth.o
                0x000000000800101c                HAL_ETH_Init
 .text.ETH_SetMACConfig
                0x0000000008001118      0x138 ./Drivers/STM32F4xx_HAL_Driver/Src/stm32f4xx_hal_eth.o
 .text.ETH_SetDMAConfig
                0x0000000008001250      0x114 ./Drivers/STM32F4xx_HAL_Driver/Src/stm32f4xx_hal_eth.o
 .text.ETH_MACDMAConfig
                0x0000000008001364       0xe4 ./Drivers/STM32F4xx_HAL_Driver/Src/stm32f4xx_hal_eth.o
 .text.ETH_MACAddressConfig
                0x0000000008001448       0x70 ./Drivers/STM32F4xx_HAL_Driver/Src/stm32f4xx_hal_eth.o
 .text.ETH_DMATxDescListInit
                0x00000000080014b8       0xb2 ./Drivers/STM32F4xx_HAL_Driver/Src/stm32f4xx_hal_eth.o
 .text.ETH_DMARxDescListInit
                0x000000000800156a       0xda ./Drivers/STM32F4xx_HAL_Driver/Src/stm32f4xx_hal_eth.o
 .text.HAL_GPIO_Init
                0x0000000008001644      0x358 ./Drivers/STM32F4xx_HAL_Driver/Src/stm32f4xx_hal_gpio.o
                0x0000000008001644                HAL_GPIO_Init
 .text.HAL_GPIO_WritePin
                0x000000000800199c       0x32 ./Drivers/STM32F4xx_HAL_Driver/Src/stm32f4xx_hal_gpio.o
                0x000000000800199c                HAL_GPIO_WritePin
 .text.HAL_PCD_Init
                0x00000000080019ce      0x23a ./Drivers/STM32F4xx_HAL_Driver/Src/stm32f4xx_hal_pcd.o
                0x00000000080019ce                HAL_PCD_Init
 .text.HAL_RCC_OscConfig
                0x0000000008001c08      0x4f0 ./Drivers/STM32F4xx_HAL_Driver/Src/stm32f4xx_hal_rcc.o
                0x0000000008001c08                HAL_RCC_OscConfig
 .text.HAL_RCC_ClockConfig
                0x00000000080020f8      0x1cc ./Drivers/STM32F4xx_HAL_Driver/Src/stm32f4xx_hal_rcc.o
                0x00000000080020f8                HAL_RCC_ClockConfig
 .text.HAL_RCC_GetSysClockFreq
                0x00000000080022c4      0x20c ./Drivers/STM32F4xx_HAL_Driver/Src/stm32f4xx_hal_rcc.o
                0x00000000080022c4                HAL_RCC_GetSysClockFreq
 .text.HAL_RCC_GetHCLKFreq
                0x00000000080024d0       0x18 ./Drivers/STM32F4xx_HAL_Driver/Src/stm32f4xx_hal_rcc.o
                0x00000000080024d0                HAL_RCC_GetHCLKFreq
 .text.HAL_RCC_GetPCLK1Freq
                0x00000000080024e8       0x28 ./Drivers/STM32F4xx_HAL_Driver/Src/stm32f4xx_hal_rcc.o
                0x00000000080024e8                HAL_RCC_GetPCLK1Freq
 .text.HAL_RCC_GetPCLK2Freq
                0x0000000008002510       0x28 ./Drivers/STM32F4xx_HAL_Driver/Src/stm32f4xx_hal_rcc.o
                0x0000000008002510                HAL_RCC_GetPCLK2Freq
 .text.HAL_UART_Init
                0x0000000008002538       0x9a ./Drivers/STM32F4xx_HAL_Driver/Src/stm32f4xx_hal_uart.o
                0x0000000008002538                HAL_UART_Init
 *fill*         0x00000000080025d2        0x2 
 .text.UART_SetConfig
                0x00000000080025d4      0x4e8 ./Drivers/STM32F4xx_HAL_Driver/Src/stm32f4xx_hal_uart.o
 .text.USB_CoreInit
                0x0000000008002abc       0xc2 ./Drivers/STM32F4xx_HAL_Driver/Src/stm32f4xx_ll_usb.o
                0x0000000008002abc                USB_CoreInit
 .text.USB_DisableGlobalInt
                0x0000000008002b7e       0x22 ./Drivers/STM32F4xx_HAL_Driver/Src/stm32f4xx_ll_usb.o
                0x0000000008002b7e                USB_DisableGlobalInt
 .text.USB_SetCurrentMode
                0x0000000008002ba0       0x98 ./Drivers/STM32F4xx_HAL_Driver/Src/stm32f4xx_ll_usb.o
                0x0000000008002ba0                USB_SetCurrentMode
 .text.USB_DevInit
                0x0000000008002c38      0x2c8 ./Drivers/STM32F4xx_HAL_Driver/Src/stm32f4xx_ll_usb.o
                0x0000000008002c38                USB_DevInit
 .text.USB_FlushTxFifo
                0x0000000008002f00       0x68 ./Drivers/STM32F4xx_HAL_Driver/Src/stm32f4xx_ll_usb.o
                0x0000000008002f00                USB_FlushTxFifo
 .text.USB_FlushRxFifo
                0x0000000008002f68       0x60 ./Drivers/STM32F4xx_HAL_Driver/Src/stm32f4xx_ll_usb.o
                0x0000000008002f68                USB_FlushRxFifo
 .text.USB_SetDevSpeed
                0x0000000008002fc8       0x32 ./Drivers/STM32F4xx_HAL_Driver/Src/stm32f4xx_ll_usb.o
                0x0000000008002fc8                USB_SetDevSpeed
 .text.USB_DevDisconnect
                0x0000000008002ffa       0x42 ./Drivers/STM32F4xx_HAL_Driver/Src/stm32f4xx_ll_usb.o
                0x0000000008002ffa                USB_DevDisconnect
 .text.USB_GetMode
                0x000000000800303c       0x1c ./Drivers/STM32F4xx_HAL_Driver/Src/stm32f4xx_ll_usb.o
                0x000000000800303c                USB_GetMode
 .text.USB_CoreReset
                0x0000000008003058       0x68 ./Drivers/STM32F4xx_HAL_Driver/Src/stm32f4xx_ll_usb.o
 .text.__libc_init_array
                0x00000000080030c0       0x48 c:/st/stm32cubeide_1.10.1/stm32cubeide/plugins/com.st.stm32cube.ide.mcu.externaltools.gnu-tools-for-stm32.10.3-2021.10.win32_1.0.0.202111181127/tools/bin/../lib/gcc/arm-none-eabi/10.3.1/../../../../arm-none-eabi/lib/thumb/v7e-m+fp/hard\libc_nano.a(lib_a-init.o)
                0x00000000080030c0                __libc_init_array
 .text.memset   0x0000000008003108       0x10 c:/st/stm32cubeide_1.10.1/stm32cubeide/plugins/com.st.stm32cube.ide.mcu.externaltools.gnu-tools-for-stm32.10.3-2021.10.win32_1.0.0.202111181127/tools/bin/../lib/gcc/arm-none-eabi/10.3.1/../../../../arm-none-eabi/lib/thumb/v7e-m+fp/hard\libc_nano.a(lib_a-memset.o)
                0x0000000008003108                memset
 *(.glue_7)
 .glue_7        0x0000000008003118        0x0 linker stubs
 *(.glue_7t)
 .glue_7t       0x0000000008003118        0x0 linker stubs
 *(.eh_frame)
 .eh_frame      0x0000000008003118        0x0 c:/st/stm32cubeide_1.10.1/stm32cubeide/plugins/com.st.stm32cube.ide.mcu.externaltools.gnu-tools-for-stm32.10.3-2021.10.win32_1.0.0.202111181127/tools/bin/../lib/gcc/arm-none-eabi/10.3.1/thumb/v7e-m+fp/hard/crtbegin.o
 *(.init)
 .init          0x0000000008003118        0x4 c:/st/stm32cubeide_1.10.1/stm32cubeide/plugins/com.st.stm32cube.ide.mcu.externaltools.gnu-tools-for-stm32.10.3-2021.10.win32_1.0.0.202111181127/tools/bin/../lib/gcc/arm-none-eabi/10.3.1/thumb/v7e-m+fp/hard/crti.o
                0x0000000008003118                _init
 .init          0x000000000800311c        0x8 c:/st/stm32cubeide_1.10.1/stm32cubeide/plugins/com.st.stm32cube.ide.mcu.externaltools.gnu-tools-for-stm32.10.3-2021.10.win32_1.0.0.202111181127/tools/bin/../lib/gcc/arm-none-eabi/10.3.1/thumb/v7e-m+fp/hard/crtn.o
 *(.fini)
 .fini          0x0000000008003124        0x4 c:/st/stm32cubeide_1.10.1/stm32cubeide/plugins/com.st.stm32cube.ide.mcu.externaltools.gnu-tools-for-stm32.10.3-2021.10.win32_1.0.0.202111181127/tools/bin/../lib/gcc/arm-none-eabi/10.3.1/thumb/v7e-m+fp/hard/crti.o
                0x0000000008003124                _fini
 .fini          0x0000000008003128        0x8 c:/st/stm32cubeide_1.10.1/stm32cubeide/plugins/com.st.stm32cube.ide.mcu.externaltools.gnu-tools-for-stm32.10.3-2021.10.win32_1.0.0.202111181127/tools/bin/../lib/gcc/arm-none-eabi/10.3.1/thumb/v7e-m+fp/hard/crtn.o
                0x0000000008003130                . = ALIGN (0x4)
                0x0000000008003130                _etext = .

.vfp11_veneer   0x0000000008003130        0x0
 .vfp11_veneer  0x0000000008003130        0x0 linker stubs

.v4_bx          0x0000000008003130        0x0
 .v4_bx         0x0000000008003130        0x0 linker stubs

.iplt           0x0000000008003130        0x0
 .iplt          0x0000000008003130        0x0 c:/st/stm32cubeide_1.10.1/stm32cubeide/plugins/com.st.stm32cube.ide.mcu.externaltools.gnu-tools-for-stm32.10.3-2021.10.win32_1.0.0.202111181127/tools/bin/../lib/gcc/arm-none-eabi/10.3.1/thumb/v7e-m+fp/hard/crtbegin.o

.rodata         0x0000000008003130       0x18
                0x0000000008003130                . = ALIGN (0x4)
 *(.rodata)
 *(.rodata*)
 .rodata.AHBPrescTable
                0x0000000008003130       0x10 ./Core/Src/system_stm32f4xx.o
                0x0000000008003130                AHBPrescTable
 .rodata.APBPrescTable
                0x0000000008003140        0x8 ./Core/Src/system_stm32f4xx.o
                0x0000000008003140                APBPrescTable
                0x0000000008003148                . = ALIGN (0x4)

.ARM.extab      0x0000000008003148        0x0
                0x0000000008003148                . = ALIGN (0x4)
 *(.ARM.extab* .gnu.linkonce.armextab.*)
                0x0000000008003148                . = ALIGN (0x4)

.ARM            0x0000000008003148        0x8
                0x0000000008003148                . = ALIGN (0x4)
                0x0000000008003148                __exidx_start = .
 *(.ARM.exidx*)
 .ARM.exidx     0x0000000008003148        0x8 c:/st/stm32cubeide_1.10.1/stm32cubeide/plugins/com.st.stm32cube.ide.mcu.externaltools.gnu-tools-for-stm32.10.3-2021.10.win32_1.0.0.202111181127/tools/bin/../lib/gcc/arm-none-eabi/10.3.1/thumb/v7e-m+fp/hard\libgcc.a(_udivmoddi4.o)
                0x0000000008003150                __exidx_end = .
                0x0000000008003150                . = ALIGN (0x4)

.rel.dyn        0x0000000008003150        0x0
 .rel.iplt      0x0000000008003150        0x0 c:/st/stm32cubeide_1.10.1/stm32cubeide/plugins/com.st.stm32cube.ide.mcu.externaltools.gnu-tools-for-stm32.10.3-2021.10.win32_1.0.0.202111181127/tools/bin/../lib/gcc/arm-none-eabi/10.3.1/thumb/v7e-m+fp/hard/crtbegin.o

.preinit_array  0x0000000008003150        0x0
                0x0000000008003150                . = ALIGN (0x4)
                0x0000000008003150                PROVIDE (__preinit_array_start = .)
 *(.preinit_array*)
                0x0000000008003150                PROVIDE (__preinit_array_end = .)
                0x0000000008003150                . = ALIGN (0x4)

.init_array     0x0000000008003150        0x4
                0x0000000008003150                . = ALIGN (0x4)
                0x0000000008003150                PROVIDE (__init_array_start = .)
 *(SORT_BY_NAME(.init_array.*))
 *(.init_array*)
 .init_array    0x0000000008003150        0x4 c:/st/stm32cubeide_1.10.1/stm32cubeide/plugins/com.st.stm32cube.ide.mcu.externaltools.gnu-tools-for-stm32.10.3-2021.10.win32_1.0.0.202111181127/tools/bin/../lib/gcc/arm-none-eabi/10.3.1/thumb/v7e-m+fp/hard/crtbegin.o
                0x0000000008003154                PROVIDE (__init_array_end = .)
                0x0000000008003154                . = ALIGN (0x4)

.fini_array     0x0000000008003154        0x4
                0x0000000008003154                . = ALIGN (0x4)
                [!provide]                        PROVIDE (__fini_array_start = .)
 *(SORT_BY_NAME(.fini_array.*))
 *(.fini_array*)
 .fini_array    0x0000000008003154        0x4 c:/st/stm32cubeide_1.10.1/stm32cubeide/plugins/com.st.stm32cube.ide.mcu.externaltools.gnu-tools-for-stm32.10.3-2021.10.win32_1.0.0.202111181127/tools/bin/../lib/gcc/arm-none-eabi/10.3.1/thumb/v7e-m+fp/hard/crtbegin.o
                [!provide]                        PROVIDE (__fini_array_end = .)
                0x0000000008003158                . = ALIGN (0x4)
                0x0000000008003158                _sidata = LOADADDR (.data)

.data           0x0000000020000000        0xc load address 0x0000000008003158
                0x0000000020000000                . = ALIGN (0x4)
                0x0000000020000000                _sdata = .
 *(.data)
 *(.data*)
 .data.SystemCoreClock
                0x0000000020000000        0x4 ./Core/Src/system_stm32f4xx.o
                0x0000000020000000                SystemCoreClock
 .data.uwTickPrio
                0x0000000020000004        0x4 ./Drivers/STM32F4xx_HAL_Driver/Src/stm32f4xx_hal.o
                0x0000000020000004                uwTickPrio
 .data.uwTickFreq
                0x0000000020000008        0x1 ./Drivers/STM32F4xx_HAL_Driver/Src/stm32f4xx_hal.o
                0x0000000020000008                uwTickFreq
 *(.RamFunc)
 *(.RamFunc*)
                0x000000002000000c                . = ALIGN (0x4)
 *fill*         0x0000000020000009        0x3 
                0x000000002000000c                _edata = .
                0x0000000008003164                _siccmram = LOADADDR (.ccmram)

.igot.plt       0x000000002000000c        0x0 load address 0x0000000008003164
 .igot.plt      0x000000002000000c        0x0 c:/st/stm32cubeide_1.10.1/stm32cubeide/plugins/com.st.stm32cube.ide.mcu.externaltools.gnu-tools-for-stm32.10.3-2021.10.win32_1.0.0.202111181127/tools/bin/../lib/gcc/arm-none-eabi/10.3.1/thumb/v7e-m+fp/hard/crtbegin.o

.ccmram         0x0000000010000000        0x0 load address 0x0000000008003164
                0x0000000010000000                . = ALIGN (0x4)
                0x0000000010000000                _sccmram = .
 *(.ccmram)
 *(.ccmram*)
                0x0000000010000000                . = ALIGN (0x4)
                0x0000000010000000                _eccmram = .
                0x0000000010000000                . = ALIGN (0x4)

.bss            0x000000002000000c      0x7a0
                0x000000002000000c                _sbss = .
                0x000000002000000c                __bss_start__ = _sbss
 *(.bss)
 .bss           0x000000002000000c       0x1c c:/st/stm32cubeide_1.10.1/stm32cubeide/plugins/com.st.stm32cube.ide.mcu.externaltools.gnu-tools-for-stm32.10.3-2021.10.win32_1.0.0.202111181127/tools/bin/../lib/gcc/arm-none-eabi/10.3.1/thumb/v7e-m+fp/hard/crtbegin.o
 *(.bss*)
 .bss.TxConfig  0x0000000020000028       0x38 ./Core/Src/main.o
                0x0000000020000028                TxConfig
 .bss.DMARxDscrTab
                0x0000000020000060       0xa0 ./Core/Src/main.o
                0x0000000020000060                DMARxDscrTab
 .bss.DMATxDscrTab
                0x0000000020000100       0xa0 ./Core/Src/main.o
                0x0000000020000100                DMATxDscrTab
 .bss.heth      0x00000000200001a0       0xb0 ./Core/Src/main.o
                0x00000000200001a0                heth
 .bss.huart3    0x0000000020000250       0x44 ./Core/Src/main.o
                0x0000000020000250                huart3
 .bss.hpcd_USB_OTG_FS
                0x0000000020000294      0x50c ./Core/Src/main.o
                0x0000000020000294                hpcd_USB_OTG_FS
 .bss.MACAddr.0
                0x00000000200007a0        0x6 ./Core/Src/main.o
 *fill*         0x00000000200007a6        0x2 
 .bss.uwTick    0x00000000200007a8        0x4 ./Drivers/STM32F4xx_HAL_Driver/Src/stm32f4xx_hal.o
                0x00000000200007a8                uwTick
 *(COMMON)
                0x00000000200007ac                . = ALIGN (0x4)
                0x00000000200007ac                _ebss = .
                0x00000000200007ac                __bss_end__ = _ebss

._user_heap_stack
                0x00000000200007ac      0x604
                0x00000000200007b0                . = ALIGN (0x8)
 *fill*         0x00000000200007ac        0x4 
                [!provide]                        PROVIDE (end = .)
                0x00000000200007b0                PROVIDE (_end = .)
                0x00000000200009b0                . = (. + _Min_Heap_Size)
 *fill*         0x00000000200007b0      0x200 
                0x0000000020000db0                . = (. + _Min_Stack_Size)
 *fill*         0x00000000200009b0      0x400 
                0x0000000020000db0                . = ALIGN (0x8)

/DISCARD/
 libc.a(*)
 libm.a(*)
 libgcc.a(*)

.ARM.attributes
                0x0000000000000000       0x30
 *(.ARM.attributes)
 .ARM.attributes
                0x0000000000000000       0x1e c:/st/stm32cubeide_1.10.1/stm32cubeide/plugins/com.st.stm32cube.ide.mcu.externaltools.gnu-tools-for-stm32.10.3-2021.10.win32_1.0.0.202111181127/tools/bin/../lib/gcc/arm-none-eabi/10.3.1/thumb/v7e-m+fp/hard/crti.o
 .ARM.attributes
                0x000000000000001e       0x34 c:/st/stm32cubeide_1.10.1/stm32cubeide/plugins/com.st.stm32cube.ide.mcu.externaltools.gnu-tools-for-stm32.10.3-2021.10.win32_1.0.0.202111181127/tools/bin/../lib/gcc/arm-none-eabi/10.3.1/thumb/v7e-m+fp/hard/crtbegin.o
 .ARM.attributes
                0x0000000000000052       0x20 ./Core/Src/asm_func.o
 .ARM.attributes
                0x0000000000000072       0x34 ./Core/Src/main.o
 .ARM.attributes
                0x00000000000000a6       0x34 ./Core/Src/stm32f4xx_hal_msp.o
 .ARM.attributes
                0x00000000000000da       0x34 ./Core/Src/stm32f4xx_it.o
 .ARM.attributes
                0x000000000000010e       0x34 ./Core/Src/system_stm32f4xx.o
 .ARM.attributes
                0x0000000000000142       0x21 ./Core/Startup/startup_stm32f429zitx.o
 .ARM.attributes
                0x0000000000000163       0x34 ./Drivers/STM32F4xx_HAL_Driver/Src/stm32f4xx_hal.o
 .ARM.attributes
                0x0000000000000197       0x34 ./Drivers/STM32F4xx_HAL_Driver/Src/stm32f4xx_hal_cortex.o
 .ARM.attributes
                0x00000000000001cb       0x34 ./Drivers/STM32F4xx_HAL_Driver/Src/stm32f4xx_hal_eth.o
 .ARM.attributes
                0x00000000000001ff       0x34 ./Drivers/STM32F4xx_HAL_Driver/Src/stm32f4xx_hal_gpio.o
 .ARM.attributes
                0x0000000000000233       0x34 ./Drivers/STM32F4xx_HAL_Driver/Src/stm32f4xx_hal_pcd.o
 .ARM.attributes
                0x0000000000000267       0x34 ./Drivers/STM32F4xx_HAL_Driver/Src/stm32f4xx_hal_rcc.o
 .ARM.attributes
                0x000000000000029b       0x34 ./Drivers/STM32F4xx_HAL_Driver/Src/stm32f4xx_hal_uart.o
 .ARM.attributes
                0x00000000000002cf       0x34 ./Drivers/STM32F4xx_HAL_Driver/Src/stm32f4xx_ll_usb.o
 .ARM.attributes
                0x0000000000000303       0x34 c:/st/stm32cubeide_1.10.1/stm32cubeide/plugins/com.st.stm32cube.ide.mcu.externaltools.gnu-tools-for-stm32.10.3-2021.10.win32_1.0.0.202111181127/tools/bin/../lib/gcc/arm-none-eabi/10.3.1/../../../../arm-none-eabi/lib/thumb/v7e-m+fp/hard\libc_nano.a(lib_a-init.o)
 .ARM.attributes
                0x0000000000000337       0x34 c:/st/stm32cubeide_1.10.1/stm32cubeide/plugins/com.st.stm32cube.ide.mcu.externaltools.gnu-tools-for-stm32.10.3-2021.10.win32_1.0.0.202111181127/tools/bin/../lib/gcc/arm-none-eabi/10.3.1/../../../../arm-none-eabi/lib/thumb/v7e-m+fp/hard\libc_nano.a(lib_a-memset.o)
 .ARM.attributes
                0x000000000000036b       0x1e c:/st/stm32cubeide_1.10.1/stm32cubeide/plugins/com.st.stm32cube.ide.mcu.externaltools.gnu-tools-for-stm32.10.3-2021.10.win32_1.0.0.202111181127/tools/bin/../lib/gcc/arm-none-eabi/10.3.1/thumb/v7e-m+fp/hard\libgcc.a(_aeabi_uldivmod.o)
 .ARM.attributes
                0x0000000000000389       0x34 c:/st/stm32cubeide_1.10.1/stm32cubeide/plugins/com.st.stm32cube.ide.mcu.externaltools.gnu-tools-for-stm32.10.3-2021.10.win32_1.0.0.202111181127/tools/bin/../lib/gcc/arm-none-eabi/10.3.1/thumb/v7e-m+fp/hard\libgcc.a(_udivmoddi4.o)
 .ARM.attributes
                0x00000000000003bd       0x1e c:/st/stm32cubeide_1.10.1/stm32cubeide/plugins/com.st.stm32cube.ide.mcu.externaltools.gnu-tools-for-stm32.10.3-2021.10.win32_1.0.0.202111181127/tools/bin/../lib/gcc/arm-none-eabi/10.3.1/thumb/v7e-m+fp/hard\libgcc.a(_dvmd_tls.o)
 .ARM.attributes
                0x00000000000003db       0x1e c:/st/stm32cubeide_1.10.1/stm32cubeide/plugins/com.st.stm32cube.ide.mcu.externaltools.gnu-tools-for-stm32.10.3-2021.10.win32_1.0.0.202111181127/tools/bin/../lib/gcc/arm-none-eabi/10.3.1/thumb/v7e-m+fp/hard/crtn.o
OUTPUT(adm_c16.elf elf32-littlearm)
LOAD linker stubs
LOAD c:/st/stm32cubeide_1.10.1/stm32cubeide/plugins/com.st.stm32cube.ide.mcu.externaltools.gnu-tools-for-stm32.10.3-2021.10.win32_1.0.0.202111181127/tools/bin/../lib/gcc/arm-none-eabi/10.3.1/../../../../arm-none-eabi/lib/thumb/v7e-m+fp/hard\libc.a
LOAD c:/st/stm32cubeide_1.10.1/stm32cubeide/plugins/com.st.stm32cube.ide.mcu.externaltools.gnu-tools-for-stm32.10.3-2021.10.win32_1.0.0.202111181127/tools/bin/../lib/gcc/arm-none-eabi/10.3.1/../../../../arm-none-eabi/lib/thumb/v7e-m+fp/hard\libm.a
LOAD c:/st/stm32cubeide_1.10.1/stm32cubeide/plugins/com.st.stm32cube.ide.mcu.externaltools.gnu-tools-for-stm32.10.3-2021.10.win32_1.0.0.202111181127/tools/bin/../lib/gcc/arm-none-eabi/10.3.1/thumb/v7e-m+fp/hard\libgcc.a

.debug_line     0x0000000000000000     0xc3c1
 .debug_line    0x0000000000000000       0x4b ./Core/Src/asm_func.o
 .debug_line    0x000000000000004b      0xac5 ./Core/Src/main.o
 .debug_line    0x0000000000000b10      0x818 ./Core/Src/stm32f4xx_hal_msp.o
 .debug_line    0x0000000000001328      0x7cb ./Core/Src/stm32f4xx_it.o
 .debug_line    0x0000000000001af3      0x76a ./Core/Src/system_stm32f4xx.o
 .debug_line    0x000000000000225d       0x8a ./Core/Startup/startup_stm32f429zitx.o
 .debug_line    0x00000000000022e7      0xa06 ./Drivers/STM32F4xx_HAL_Driver/Src/stm32f4xx_hal.o
 .debug_line    0x0000000000002ced      0xc7f ./Drivers/STM32F4xx_HAL_Driver/Src/stm32f4xx_hal_cortex.o
 .debug_line    0x000000000000396c     0x1828 ./Drivers/STM32F4xx_HAL_Driver/Src/stm32f4xx_hal_eth.o
 .debug_line    0x0000000000005194      0xb6c ./Drivers/STM32F4xx_HAL_Driver/Src/stm32f4xx_hal_gpio.o
 .debug_line    0x0000000000005d00     0x1473 ./Drivers/STM32F4xx_HAL_Driver/Src/stm32f4xx_hal_pcd.o
 .debug_line    0x0000000000007173      0xd4c ./Drivers/STM32F4xx_HAL_Driver/Src/stm32f4xx_hal_rcc.o
 .debug_line    0x0000000000007ebf     0x2a75 ./Drivers/STM32F4xx_HAL_Driver/Src/stm32f4xx_hal_uart.o
 .debug_line    0x000000000000a934     0x1a8d ./Drivers/STM32F4xx_HAL_Driver/Src/stm32f4xx_ll_usb.o

.debug_info     0x0000000000000000     0xeb27
 .debug_info    0x0000000000000000       0x26 ./Core/Src/asm_func.o
 .debug_info    0x0000000000000026     0x1dad ./Core/Src/main.o
 .debug_info    0x0000000000001dd3     0x1840 ./Core/Src/stm32f4xx_hal_msp.o
 .debug_info    0x0000000000003613      0x1b5 ./Core/Src/stm32f4xx_it.o
 .debug_info    0x00000000000037c8      0x53f ./Core/Src/system_stm32f4xx.o
 .debug_info    0x0000000000003d07       0x22 ./Core/Startup/startup_stm32f429zitx.o
 .debug_info    0x0000000000003d29      0x9f4 ./Drivers/STM32F4xx_HAL_Driver/Src/stm32f4xx_hal.o
 .debug_info    0x000000000000471d      0xe51 ./Drivers/STM32F4xx_HAL_Driver/Src/stm32f4xx_hal_cortex.o
 .debug_info    0x000000000000556e     0x21c9 ./Drivers/STM32F4xx_HAL_Driver/Src/stm32f4xx_hal_eth.o
 .debug_info    0x0000000000007737      0x786 ./Drivers/STM32F4xx_HAL_Driver/Src/stm32f4xx_hal_gpio.o
 .debug_info    0x0000000000007ebd     0x1695 ./Drivers/STM32F4xx_HAL_Driver/Src/stm32f4xx_hal_pcd.o
 .debug_info    0x0000000000009552      0x982 ./Drivers/STM32F4xx_HAL_Driver/Src/stm32f4xx_hal_rcc.o
 .debug_info    0x0000000000009ed4     0x31bc ./Drivers/STM32F4xx_HAL_Driver/Src/stm32f4xx_hal_uart.o
 .debug_info    0x000000000000d090     0x1a97 ./Drivers/STM32F4xx_HAL_Driver/Src/stm32f4xx_ll_usb.o

.debug_abbrev   0x0000000000000000     0x1cfe
 .debug_abbrev  0x0000000000000000       0x14 ./Core/Src/asm_func.o
 .debug_abbrev  0x0000000000000014      0x3b1 ./Core/Src/main.o
 .debug_abbrev  0x00000000000003c5      0x23e ./Core/Src/stm32f4xx_hal_msp.o
 .debug_abbrev  0x0000000000000603      0x12a ./Core/Src/stm32f4xx_it.o
 .debug_abbrev  0x000000000000072d      0x116 ./Core/Src/system_stm32f4xx.o
 .debug_abbrev  0x0000000000000843       0x12 ./Core/Startup/startup_stm32f429zitx.o
 .debug_abbrev  0x0000000000000855      0x20d ./Drivers/STM32F4xx_HAL_Driver/Src/stm32f4xx_hal.o
 .debug_abbrev  0x0000000000000a62      0x316 ./Drivers/STM32F4xx_HAL_Driver/Src/stm32f4xx_hal_cortex.o
 .debug_abbrev  0x0000000000000d78      0x2d3 ./Drivers/STM32F4xx_HAL_Driver/Src/stm32f4xx_hal_eth.o
 .debug_abbrev  0x000000000000104b      0x1c4 ./Drivers/STM32F4xx_HAL_Driver/Src/stm32f4xx_hal_gpio.o
 .debug_abbrev  0x000000000000120f      0x2bb ./Drivers/STM32F4xx_HAL_Driver/Src/stm32f4xx_hal_pcd.o
 .debug_abbrev  0x00000000000014ca      0x2aa ./Drivers/STM32F4xx_HAL_Driver/Src/stm32f4xx_hal_rcc.o
 .debug_abbrev  0x0000000000001774      0x2f4 ./Drivers/STM32F4xx_HAL_Driver/Src/stm32f4xx_hal_uart.o
 .debug_abbrev  0x0000000000001a68      0x296 ./Drivers/STM32F4xx_HAL_Driver/Src/stm32f4xx_ll_usb.o

.debug_aranges  0x0000000000000000      0xb48
 .debug_aranges
                0x0000000000000000       0x20 ./Core/Src/asm_func.o
 .debug_aranges
                0x0000000000000020       0x68 ./Core/Src/main.o
 .debug_aranges
                0x0000000000000088       0x50 ./Core/Src/stm32f4xx_hal_msp.o
 .debug_aranges
                0x00000000000000d8       0x60 ./Core/Src/stm32f4xx_it.o
 .debug_aranges
                0x0000000000000138       0x28 ./Core/Src/system_stm32f4xx.o
 .debug_aranges
                0x0000000000000160       0x28 ./Core/Startup/startup_stm32f429zitx.o
 .debug_aranges
                0x0000000000000188      0x100 ./Drivers/STM32F4xx_HAL_Driver/Src/stm32f4xx_hal.o
 .debug_aranges
                0x0000000000000288      0x118 ./Drivers/STM32F4xx_HAL_Driver/Src/stm32f4xx_hal_cortex.o
 .debug_aranges
                0x00000000000003a0      0x1e0 ./Drivers/STM32F4xx_HAL_Driver/Src/stm32f4xx_hal_eth.o
 .debug_aranges
                0x0000000000000580       0x58 ./Drivers/STM32F4xx_HAL_Driver/Src/stm32f4xx_hal_gpio.o
 .debug_aranges
                0x00000000000005d8      0x148 ./Drivers/STM32F4xx_HAL_Driver/Src/stm32f4xx_hal_pcd.o
 .debug_aranges
                0x0000000000000720       0x88 ./Drivers/STM32F4xx_HAL_Driver/Src/stm32f4xx_hal_rcc.o
 .debug_aranges
                0x00000000000007a8      0x200 ./Drivers/STM32F4xx_HAL_Driver/Src/stm32f4xx_hal_uart.o
 .debug_aranges
                0x00000000000009a8      0x1a0 ./Drivers/STM32F4xx_HAL_Driver/Src/stm32f4xx_ll_usb.o

.debug_str      0x0000000000000000    0xd9aef
 .debug_str     0x0000000000000000       0x72 ./Core/Src/asm_func.o
 .debug_str     0x0000000000000072    0xd608b ./Core/Src/main.o
                                      0xd6443 (size before relaxing)
 .debug_str     0x00000000000d60fd       0xaf ./Core/Src/stm32f4xx_hal_msp.o
                                      0xd328f (size before relaxing)
 .debug_str     0x00000000000d61ac       0xc9 ./Core/Src/stm32f4xx_it.o
                                      0xd2480 (size before relaxing)
 .debug_str     0x00000000000d6275       0xdb ./Core/Src/system_stm32f4xx.o
                                      0xd20bd (size before relaxing)
 .debug_str     0x00000000000d6350       0x28 ./Core/Startup/startup_stm32f429zitx.o
                                         0x83 (size before relaxing)
 .debug_str     0x00000000000d6378      0xbb0 ./Drivers/STM32F4xx_HAL_Driver/Src/stm32f4xx_hal.o
                                      0xd2ce0 (size before relaxing)
 .debug_str     0x00000000000d6f28      0x348 ./Drivers/STM32F4xx_HAL_Driver/Src/stm32f4xx_hal_cortex.o
                                      0xd29c5 (size before relaxing)
 .debug_str     0x00000000000d7270     0x1306 ./Drivers/STM32F4xx_HAL_Driver/Src/stm32f4xx_hal_eth.o
                                      0xd3a66 (size before relaxing)
 .debug_str     0x00000000000d8576       0xe1 ./Drivers/STM32F4xx_HAL_Driver/Src/stm32f4xx_hal_gpio.o
                                      0xd2238 (size before relaxing)
 .debug_str     0x00000000000d8657      0x7fd ./Drivers/STM32F4xx_HAL_Driver/Src/stm32f4xx_hal_pcd.o
                                      0xd2b6c (size before relaxing)
 .debug_str     0x00000000000d8e54      0x21f ./Drivers/STM32F4xx_HAL_Driver/Src/stm32f4xx_hal_rcc.o
                                      0xd24f1 (size before relaxing)
 .debug_str     0x00000000000d9073      0x63d ./Drivers/STM32F4xx_HAL_Driver/Src/stm32f4xx_hal_uart.o
                                      0xd2a7d (size before relaxing)
 .debug_str     0x00000000000d96b0      0x43f ./Drivers/STM32F4xx_HAL_Driver/Src/stm32f4xx_ll_usb.o
                                      0xd29d4 (size before relaxing)

.debug_ranges   0x0000000000000000      0xa90
 .debug_ranges  0x0000000000000000       0x58 ./Core/Src/main.o
 .debug_ranges  0x0000000000000058       0x40 ./Core/Src/stm32f4xx_hal_msp.o
 .debug_ranges  0x0000000000000098       0x50 ./Core/Src/stm32f4xx_it.o
 .debug_ranges  0x00000000000000e8       0x18 ./Core/Src/system_stm32f4xx.o
 .debug_ranges  0x0000000000000100       0x20 ./Core/Startup/startup_stm32f429zitx.o
 .debug_ranges  0x0000000000000120       0xf0 ./Drivers/STM32F4xx_HAL_Driver/Src/stm32f4xx_hal.o
 .debug_ranges  0x0000000000000210      0x108 ./Drivers/STM32F4xx_HAL_Driver/Src/stm32f4xx_hal_cortex.o
 .debug_ranges  0x0000000000000318      0x1d0 ./Drivers/STM32F4xx_HAL_Driver/Src/stm32f4xx_hal_eth.o
 .debug_ranges  0x00000000000004e8       0x48 ./Drivers/STM32F4xx_HAL_Driver/Src/stm32f4xx_hal_gpio.o
 .debug_ranges  0x0000000000000530      0x138 ./Drivers/STM32F4xx_HAL_Driver/Src/stm32f4xx_hal_pcd.o
 .debug_ranges  0x0000000000000668       0x78 ./Drivers/STM32F4xx_HAL_Driver/Src/stm32f4xx_hal_rcc.o
 .debug_ranges  0x00000000000006e0      0x220 ./Drivers/STM32F4xx_HAL_Driver/Src/stm32f4xx_hal_uart.o
 .debug_ranges  0x0000000000000900      0x190 ./Drivers/STM32F4xx_HAL_Driver/Src/stm32f4xx_ll_usb.o

.debug_macro    0x0000000000000000    0x23b3d
 .debug_macro   0x0000000000000000      0x2c9 ./Core/Src/main.o
 .debug_macro   0x00000000000002c9      0xa78 ./Core/Src/main.o
 .debug_macro   0x0000000000000d41      0x2af ./Core/Src/main.o
 .debug_macro   0x0000000000000ff0       0x2e ./Core/Src/main.o
 .debug_macro   0x000000000000101e       0x28 ./Core/Src/main.o
 .debug_macro   0x0000000000001046       0x22 ./Core/Src/main.o
 .debug_macro   0x0000000000001068       0x8e ./Core/Src/main.o
 .debug_macro   0x00000000000010f6       0x51 ./Core/Src/main.o
 .debug_macro   0x0000000000001147      0x103 ./Core/Src/main.o
 .debug_macro   0x000000000000124a       0x6a ./Core/Src/main.o
 .debug_macro   0x00000000000012b4      0x1df ./Core/Src/main.o
 .debug_macro   0x0000000000001493       0x1c ./Core/Src/main.o
 .debug_macro   0x00000000000014af       0x22 ./Core/Src/main.o
 .debug_macro   0x00000000000014d1       0xd9 ./Core/Src/main.o
 .debug_macro   0x00000000000015aa     0x102d ./Core/Src/main.o
 .debug_macro   0x00000000000025d7      0x11f ./Core/Src/main.o
 .debug_macro   0x00000000000026f6    0x17fc0 ./Core/Src/main.o
 .debug_macro   0x000000000001a6b6       0x6d ./Core/Src/main.o
 .debug_macro   0x000000000001a723     0x36f5 ./Core/Src/main.o
 .debug_macro   0x000000000001de18      0x174 ./Core/Src/main.o
 .debug_macro   0x000000000001df8c       0x5c ./Core/Src/main.o
 .debug_macro   0x000000000001dfe8      0xca5 ./Core/Src/main.o
 .debug_macro   0x000000000001ec8d      0x9fe ./Core/Src/main.o
 .debug_macro   0x000000000001f68b      0x115 ./Core/Src/main.o
 .debug_macro   0x000000000001f7a0      0x156 ./Core/Src/main.o
 .debug_macro   0x000000000001f8f6       0xa5 ./Core/Src/main.o
 .debug_macro   0x000000000001f99b      0x182 ./Core/Src/main.o
 .debug_macro   0x000000000001fb1d      0x287 ./Core/Src/main.o
 .debug_macro   0x000000000001fda4       0x5f ./Core/Src/main.o
 .debug_macro   0x000000000001fe03      0x236 ./Core/Src/main.o
 .debug_macro   0x0000000000020039      0xd44 ./Core/Src/main.o
 .debug_macro   0x0000000000020d7d      0x132 ./Core/Src/main.o
 .debug_macro   0x0000000000020eaf      0x41d ./Core/Src/main.o
 .debug_macro   0x00000000000212cc       0x2e ./Core/Src/main.o
 .debug_macro   0x00000000000212fa      0x11a ./Core/Src/main.o
 .debug_macro   0x0000000000021414       0xe2 ./Core/Src/main.o
 .debug_macro   0x00000000000214f6       0x89 ./Core/Src/main.o
 .debug_macro   0x000000000002157f      0x295 ./Core/Src/main.o
 .debug_macro   0x0000000000021814      0x248 ./Core/Src/main.o
 .debug_macro   0x0000000000021a5c       0xba ./Core/Src/main.o
 .debug_macro   0x0000000000021b16      0x134 ./Core/Src/main.o
 .debug_macro   0x0000000000021c4a      0x130 ./Core/Src/main.o
 .debug_macro   0x0000000000021d7a       0x52 ./Core/Src/main.o
 .debug_macro   0x0000000000021dcc       0x1e ./Core/Src/main.o
 .debug_macro   0x0000000000021dea       0x3c ./Core/Src/main.o
 .debug_macro   0x0000000000021e26       0x34 ./Core/Src/main.o
 .debug_macro   0x0000000000021e5a       0x16 ./Core/Src/main.o
 .debug_macro   0x0000000000021e70       0x43 ./Core/Src/main.o
 .debug_macro   0x0000000000021eb3       0x34 ./Core/Src/main.o
 .debug_macro   0x0000000000021ee7       0x10 ./Core/Src/main.o
 .debug_macro   0x0000000000021ef7       0x58 ./Core/Src/main.o
 .debug_macro   0x0000000000021f4f       0x71 ./Core/Src/main.o
 .debug_macro   0x0000000000021fc0       0x1c ./Core/Src/main.o
 .debug_macro   0x0000000000021fdc      0x12a ./Core/Src/main.o
 .debug_macro   0x0000000000022106      0x341 ./Core/Src/main.o
 .debug_macro   0x0000000000022447       0x10 ./Core/Src/main.o
 .debug_macro   0x0000000000022457       0x35 ./Core/Src/main.o
 .debug_macro   0x000000000002248c       0x20 ./Core/Src/main.o
 .debug_macro   0x00000000000224ac      0x1f7 ./Core/Src/stm32f4xx_hal_msp.o
 .debug_macro   0x00000000000226a3      0x201 ./Core/Src/stm32f4xx_it.o
 .debug_macro   0x00000000000228a4      0x1e8 ./Core/Src/system_stm32f4xx.o
 .debug_macro   0x0000000000022a8c      0x248 ./Drivers/STM32F4xx_HAL_Driver/Src/stm32f4xx_hal.o
 .debug_macro   0x0000000000022cd4      0x1e8 ./Drivers/STM32F4xx_HAL_Driver/Src/stm32f4xx_hal_cortex.o
 .debug_macro   0x0000000000022ebc      0x2c2 ./Drivers/STM32F4xx_HAL_Driver/Src/stm32f4xx_hal_eth.o
 .debug_macro   0x000000000002317e      0x1ee ./Drivers/STM32F4xx_HAL_Driver/Src/stm32f4xx_hal_gpio.o
 .debug_macro   0x000000000002336c      0x1f4 ./Drivers/STM32F4xx_HAL_Driver/Src/stm32f4xx_hal_pcd.o
 .debug_macro   0x0000000000023560      0x20c ./Drivers/STM32F4xx_HAL_Driver/Src/stm32f4xx_hal_rcc.o
 .debug_macro   0x000000000002376c      0x1e9 ./Drivers/STM32F4xx_HAL_Driver/Src/stm32f4xx_hal_uart.o
 .debug_macro   0x0000000000023955      0x1e8 ./Drivers/STM32F4xx_HAL_Driver/Src/stm32f4xx_ll_usb.o

.comment        0x0000000000000000       0x50
 .comment       0x0000000000000000       0x50 ./Core/Src/main.o
                                         0x51 (size before relaxing)
 .comment       0x0000000000000050       0x51 ./Core/Src/stm32f4xx_hal_msp.o
 .comment       0x0000000000000050       0x51 ./Core/Src/stm32f4xx_it.o
 .comment       0x0000000000000050       0x51 ./Core/Src/system_stm32f4xx.o
 .comment       0x0000000000000050       0x51 ./Drivers/STM32F4xx_HAL_Driver/Src/stm32f4xx_hal.o
 .comment       0x0000000000000050       0x51 ./Drivers/STM32F4xx_HAL_Driver/Src/stm32f4xx_hal_cortex.o
 .comment       0x0000000000000050       0x51 ./Drivers/STM32F4xx_HAL_Driver/Src/stm32f4xx_hal_eth.o
 .comment       0x0000000000000050       0x51 ./Drivers/STM32F4xx_HAL_Driver/Src/stm32f4xx_hal_gpio.o
 .comment       0x0000000000000050       0x51 ./Drivers/STM32F4xx_HAL_Driver/Src/stm32f4xx_hal_pcd.o
 .comment       0x0000000000000050       0x51 ./Drivers/STM32F4xx_HAL_Driver/Src/stm32f4xx_hal_rcc.o
 .comment       0x0000000000000050       0x51 ./Drivers/STM32F4xx_HAL_Driver/Src/stm32f4xx_hal_uart.o
 .comment       0x0000000000000050       0x51 ./Drivers/STM32F4xx_HAL_Driver/Src/stm32f4xx_ll_usb.o

.debug_frame    0x0000000000000000     0x2f54
 .debug_frame   0x0000000000000000      0x158 ./Core/Src/main.o
 .debug_frame   0x0000000000000158      0x110 ./Core/Src/stm32f4xx_hal_msp.o
 .debug_frame   0x0000000000000268      0x10c ./Core/Src/stm32f4xx_it.o
 .debug_frame   0x0000000000000374       0x58 ./Core/Src/system_stm32f4xx.o
 .debug_frame   0x00000000000003cc      0x3b4 ./Drivers/STM32F4xx_HAL_Driver/Src/stm32f4xx_hal.o
 .debug_frame   0x0000000000000780      0x498 ./Drivers/STM32F4xx_HAL_Driver/Src/stm32f4xx_hal_cortex.o
 .debug_frame   0x0000000000000c18      0x8a8 ./Drivers/STM32F4xx_HAL_Driver/Src/stm32f4xx_hal_eth.o
 .debug_frame   0x00000000000014c0      0x14c ./Drivers/STM32F4xx_HAL_Driver/Src/stm32f4xx_hal_gpio.o
 .debug_frame   0x000000000000160c      0x5bc ./Drivers/STM32F4xx_HAL_Driver/Src/stm32f4xx_hal_pcd.o
 .debug_frame   0x0000000000001bc8      0x1f4 ./Drivers/STM32F4xx_HAL_Driver/Src/stm32f4xx_hal_rcc.o
 .debug_frame   0x0000000000001dbc      0x92c ./Drivers/STM32F4xx_HAL_Driver/Src/stm32f4xx_hal_uart.o
 .debug_frame   0x00000000000026e8      0x7c0 ./Drivers/STM32F4xx_HAL_Driver/Src/stm32f4xx_ll_usb.o
 .debug_frame   0x0000000000002ea8       0x2c c:/st/stm32cubeide_1.10.1/stm32cubeide/plugins/com.st.stm32cube.ide.mcu.externaltools.gnu-tools-for-stm32.10.3-2021.10.win32_1.0.0.202111181127/tools/bin/../lib/gcc/arm-none-eabi/10.3.1/../../../../arm-none-eabi/lib/thumb/v7e-m+fp/hard\libc_nano.a(lib_a-init.o)
 .debug_frame   0x0000000000002ed4       0x20 c:/st/stm32cubeide_1.10.1/stm32cubeide/plugins/com.st.stm32cube.ide.mcu.externaltools.gnu-tools-for-stm32.10.3-2021.10.win32_1.0.0.202111181127/tools/bin/../lib/gcc/arm-none-eabi/10.3.1/../../../../arm-none-eabi/lib/thumb/v7e-m+fp/hard\libc_nano.a(lib_a-memset.o)
 .debug_frame   0x0000000000002ef4       0x2c c:/st/stm32cubeide_1.10.1/stm32cubeide/plugins/com.st.stm32cube.ide.mcu.externaltools.gnu-tools-for-stm32.10.3-2021.10.win32_1.0.0.202111181127/tools/bin/../lib/gcc/arm-none-eabi/10.3.1/thumb/v7e-m+fp/hard\libgcc.a(_aeabi_uldivmod.o)
 .debug_frame   0x0000000000002f20       0x34 c:/st/stm32cubeide_1.10.1/stm32cubeide/plugins/com.st.stm32cube.ide.mcu.externaltools.gnu-tools-for-stm32.10.3-2021.10.win32_1.0.0.202111181127/tools/bin/../lib/gcc/arm-none-eabi/10.3.1/thumb/v7e-m+fp/hard\libgcc.a(_udivmoddi4.o)
