../Core/Src/main.c:73:13:PrivilegiosSVC	40	static,ignoring_inline_asm
../Core/Src/main.c:129:6:zeros	24	static
../Core/Src/main.c:136:6:productoEscalar32	32	static
../Core/Src/main.c:143:6:productoEscalar16	32	static
../Core/Src/main.c:150:6:productoEscalar12	32	static
../Core/Src/main.c:162:5:main	72	static
../Core/Src/main.c:217:6:SystemClock_Config	88	static
../Core/Src/main.c:263:13:MX_ETH_Init	8	static
../Core/Src/main.c:312:13:MX_USART3_UART_Init	8	static
../Core/Src/main.c:345:13:MX_USB_OTG_FS_PCD_Init	8	static
../Core/Src/main.c:380:13:MX_GPIO_Init	56	static
../Core/Src/main.c:434:6:Error_Handler	4	static,ignoring_inline_asm
