../Core/Src/main.c:82:5:__io_putchar	16	static
../Core/Src/main.c:87:13:PrivilegiosSVC	40	static,ignoring_inline_asm
../Core/Src/main.c:143:6:zeros	24	static
../Core/Src/main.c:150:6:productoEscalar32	32	static
../Core/Src/main.c:157:6:productoEscalar16	32	static
../Core/Src/main.c:164:6:productoEscalar12	32	static
../Core/Src/main.c:172:6:filtroVentana10	40	static
../Core/Src/main.c:187:6:pack32to16	32	static
../Core/Src/main.c:195:9:max	24	static
../Core/Src/main.c:206:6:downsampleM	32	static
../Core/Src/main.c:213:6:invertir	24	static
../Core/Src/main.c:224:6:corr	32	static
../Core/Src/main.c:240:5:main	96	static
../Core/Src/main.c:346:6:SystemClock_Config	88	static
../Core/Src/main.c:392:13:MX_ETH_Init	8	static
../Core/Src/main.c:441:13:MX_USART3_UART_Init	8	static
../Core/Src/main.c:474:13:MX_USB_OTG_FS_PCD_Init	8	static
../Core/Src/main.c:509:13:MX_GPIO_Init	56	static
../Core/Src/main.c:563:6:Error_Handler	4	static,ignoring_inline_asm
